[INFO] Scanning for projects...
[INFO] 
[INFO] -----------------------< com.drro:drro-backend >------------------------
[INFO] Building drro-backend 0.0.1-SNAPSHOT
[INFO]   from pom.xml
[INFO] --------------------------------[ jar ]---------------------------------
[INFO] 
[INFO] --- clean:3.3.2:clean (default-clean) @ drro-backend ---
[INFO] Deleting D:\DRRO\backend\target
[INFO] 
[INFO] --- resources:3.3.1:resources (default-resources) @ drro-backend ---
[INFO] Copying 1 resource from src\main\resources to target\classes
[INFO] Copying 0 resource from src\main\resources to target\classes
[INFO] 
[INFO] --- compiler:3.13.0:compile (default-compile) @ drro-backend ---
[INFO] Recompiling the module because of changed source code.
[INFO] Compiling 105 source files with javac [debug parameters release 17] to target\classes
mvn : WARNING: A terminally deprecated method in sun.misc.Unsafe has been called
At line:1 char:1
+ mvn clean compile 2>&1 | Out-File -FilePath "d:\DRRO\compile_errors.t ...
+ ~~~~~~~~~~~~~~~~~~~~~~
    + CategoryInfo          : NotSpecified: (WARNING: A term...has been called:String) [], RemoteException
    + FullyQualifiedErrorId : NativeCommandError
 
WARNING: sun.misc.Unsafe::objectFieldOffset has been called by lombok.permit.Permit
WARNING: Please consider reporting this to the maintainers of class lombok.permit.Permit
WARNING: sun.misc.Unsafe::objectFieldOffset will be removed in a future release
[WARNING] /D:/DRRO/backend/src/main/java/com/drro/entity/Location.java:[31,21] @Builder will ignore the initializing expression entirely. If you want the initializing expression to serve as default, add @Builder.Default. If it is not supposed to be settable during building, make the field final.
[WARNING] /D:/DRRO/backend/src/main/java/com/drro/entity/Location.java:[34,21] @Builder will ignore the initializing expression entirely. If you want the initializing expression to serve as default, add @Builder.Default. If it is not supposed to be settable during building, make the field final.
[WARNING] /D:/DRRO/backend/src/main/java/com/drro/entity/Location.java:[37,21] @Builder will ignore the initializing expression entirely. If you want the initializing expression to serve as default, add @Builder.Default. If it is not supposed to be settable during building, make the field final.
[WARNING] /D:/DRRO/backend/src/main/java/com/drro/entity/Location.java:[41,31] @Builder will ignore the initializing expression entirely. If you want the initializing expression to serve as default, add @Builder.Default. If it is not supposed to be settable during building, make the field final.
[WARNING] /D:/DRRO/backend/src/main/java/com/drro/entity/Location.java:[44,21] @Builder will ignore the initializing expression entirely. If you want the initializing expression to serve as default, add @Builder.Default. If it is not supposed to be settable during building, make the field final.
[WARNING] /D:/DRRO/backend/src/main/java/com/drro/entity/Location.java:[48,31] @Builder will ignore the initializing expression entirely. If you want the initializing expression to serve as default, add @Builder.Default. If it is not supposed to be settable during building, make the field final.
[WARNING] /D:/DRRO/backend/src/main/java/com/drro/entity/RequestItem.java:[28,24] @Builder will ignore the initializing expression entirely. If you want the initializing expression to serve as default, add @Builder.Default. If it is not supposed to be settable during building, make the field final.
[WARNING] /D:/DRRO/backend/src/main/java/com/drro/entity/RequestItem.java:[39,24] @Builder will ignore the initializing expression entirely. If you want the initializing expression to serve as default, add @Builder.Default. If it is not supposed to be settable during building, make the field final.
[WARNING] /D:/DRRO/backend/src/main/java/com/drro/entity/ResponseTeam.java:[31,30] @Builder will ignore the initializing expression entirely. If you want the initializing expression to serve as default, add @Builder.Default. If it is not supposed to be settable during building, make the field final.
[WARNING] /D:/DRRO/backend/src/main/java/com/drro/entity/Disaster.java:[41,28] @Builder will ignore the initializing expression entirely. If you want the initializing expression to serve as default, add @Builder.Default. If it is not supposed to be settable during building, make the field final.
[WARNING] /D:/DRRO/backend/src/main/java/com/drro/entity/Dispatch.java:[33,24] @Builder will ignore the initializing expression entirely. If you want the initializing expression to serve as default, add @Builder.Default. If it is not supposed to be settable during building, make the field final.
[WARNING] /D:/DRRO/backend/src/main/java/com/drro/entity/Dispatch.java:[37,28] @Builder will ignore the initializing expression entirely. If you want the initializing expression to serve as default, add @Builder.Default. If it is not supposed to be settable during building, make the field final.
[WARNING] /D:/DRRO/backend/src/main/java/com/drro/entity/User.java:[31,24] @Builder will ignore the initializing expression entirely. If you want the initializing expression to serve as default, add @Builder.Default. If it is not supposed to be settable during building, make the field final.
[WARNING] /D:/DRRO/backend/src/main/java/com/drro/entity/ReliefRequest.java:[32,27] @Builder will ignore the initializing expression entirely. If you want the initializing expression to serve as default, add @Builder.Default. If it is not supposed to be settable during building, make the field final.
[WARNING] /D:/DRRO/backend/src/main/java/com/drro/entity/Allocation.java:[33,30] @Builder will ignore the initializing expression entirely. If you want the initializing expression to serve as default, add @Builder.Default. If it is not supposed to be settable during building, make the field final.
[WARNING] /D:/DRRO/backend/src/main/java/com/drro/entity/ResourceType.java:[26,21] @Builder will ignore the initializing expression entirely. If you want the initializing expression to serve as default, add @Builder.Default. If it is not supposed to be settable during building, make the field final.
[WARNING] /D:/DRRO/backend/src/main/java/com/drro/dto/response/AuthResponse.java:[14,20] @Builder will ignore the initializing expression entirely. If you want the initializing expression to serve as default, add @Builder.Default. If it is not supposed to be settable during building, make the field final.
[WARNING] /D:/DRRO/backend/src/main/java/com/drro/entity/TeamAssignment.java:[35,30] @Builder will ignore the initializing expression entirely. If you want the initializing expression to serve as default, add @Builder.Default. If it is not supposed to be settable during building, make the field final.
[WARNING] /D:/DRRO/backend/src/main/java/com/drro/entity/Inventory.java:[32,24] @Builder will ignore the initializing expression entirely. If you want the initializing expression to serve as default, add @Builder.Default. If it is not supposed to be settable during building, make the field final.
[WARNING] /D:/DRRO/backend/src/main/java/com/drro/entity/Inventory.java:[35,24] @Builder will ignore the initializing expression entirely. If you want the initializing expression to serve as default, add @Builder.Default. If it is not supposed to be settable during building, make the field final.
[WARNING] /D:/DRRO/backend/src/main/java/com/drro/entity/Inventory.java:[38,24] @Builder will ignore the initializing expression entirely. If you want the initializing expression to serve as default, add @Builder.Default. If it is not supposed to be settable during building, make the field final.
[WARNING] /D:/DRRO/backend/src/main/java/com/drro/entity/Inventory.java:[41,24] @Builder will ignore the initializing expression entirely. If you want the initializing expression to serve as default, add @Builder.Default. If it is not supposed to be settable during building, make the field final.
[WARNING] /D:/DRRO/backend/src/main/java/com/drro/entity/Inventory.java:[44,24] @Builder will ignore the initializing expression entirely. If you want the initializing expression to serve as default, add @Builder.Default. If it is not supposed to be settable during building, make the field final.
[WARNING] /D:/DRRO/backend/src/main/java/com/drro/entity/WeightConfig.java:[21,24] @Builder will ignore the initializing expression entirely. If you want the initializing expression to serve as default, add @Builder.Default. If it is not supposed to be settable during building, make the field final.
[WARNING] /D:/DRRO/backend/src/main/java/com/drro/entity/WeightConfig.java:[24,24] @Builder will ignore the initializing expression entirely. If you want the initializing expression to serve as default, add @Builder.Default. If it is not supposed to be settable during building, make the field final.
[WARNING] /D:/DRRO/backend/src/main/java/com/drro/entity/WeightConfig.java:[27,24] @Builder will ignore the initializing expression entirely. If you want the initializing expression to serve as default, add @Builder.Default. If it is not supposed to be settable during building, make the field final.
[WARNING] /D:/DRRO/backend/src/main/java/com/drro/entity/WeightConfig.java:[30,24] @Builder will ignore the initializing expression entirely. If you want the initializing expression to serve as default, add @Builder.Default. If it is not supposed to be settable during building, make the field final.
[WARNING] /D:/DRRO/backend/src/main/java/com/drro/entity/WeightConfig.java:[33,24] @Builder will ignore the initializing expression entirely. If you want the initializing expression to serve as default, add @Builder.Default. If it is not supposed to be settable during building, make the field final.
[WARNING] /D:/DRRO/backend/src/main/java/com/drro/entity/WeightConfig.java:[36,24] @Builder will ignore the initializing expression entirely. If you want the initializing expression to serve as default, add @Builder.Default. If it is not supposed to be settable during building, make the field final.
[WARNING] /D:/DRRO/backend/src/main/java/com/drro/entity/WeightConfig.java:[39,21] @Builder will ignore the initializing expression entirely. If you want the initializing expression to serve as default, add @Builder.Default. If it is not supposed to be settable during building, make the field final.
[WARNING] /D:/DRRO/backend/src/main/java/com/drro/entity/ResourceCenter.java:[34,26] @Builder will ignore the initializing expression entirely. If you want the initializing expression to serve as default, add @Builder.Default. If it is not supposed to be settable during building, make the field final.
[INFO] ------------------------------------------------------------------------
[INFO] BUILD SUCCESS
[INFO] ------------------------------------------------------------------------
[INFO] Total time:  16.140 s
[INFO] Finished at: 2026-08-31T20:56:26+05:30
[INFO] ------------------------------------------------------------------------
